// Jest Snapshot v1, https://goo.gl/fbAQLP

exports[`@/components/posters/as-fill-figure.vue Renders a editor for a poster 1`] = `
<figure
  id="edit-fill"
  poster="[object Object]"
>
  <as-svg-stub
    immediate="true"
    itemid="/+16282281824/posters/559666932867"
    slice="false"
    tabable="true"
    tabindex="-1"
  />
  <figcaption>
    <input
      tabindex="-1"
      type="color"
    />
  </figcaption>
</figure>
`;
