// Vitest Snapshot v1, https://vitest.dev/guide/snapshot.html

exports[`@/components/posters/as-menu-author.vue > Renders > a menu to edit a poster 1`] = `
<menu>
  <a
    class="remove"
  >
    <icon-stub
      name="remove"
    />
  </a>
  <as-button-stub
    itemid="/+14151234356/posters/1737178477987"
  />
  <!--v-if-->
  <download-vector-stub
    itemid="/+14151234356/posters/1737178477987"
  />
</menu>
`;
