// Vitest Snapshot v1, https://vitest.dev/guide/snapshot.html

exports[`@/components/posters/as-path.vue > Renders > a path from one provided 1`] = `
<div
  data-v-app=""
>
  
  <path
    d="M0,0 L100,100"
    fill="#ffffff"
    fill-opacity="0.90"
    fill-rule="evenodd"
    id="test-path"
    itemprop="regular"
    mask=""
    style="opacity: 1; visibility: visible;"
  />
  <use
    fill="none"
    href="#test-path"
    stroke-opacity="0.90"
    stroke-width="0.33"
    style="opacity: 1; visibility: visible;"
  />
  
</div>
`;
