// Jest Snapshot v1, https://goo.gl/fbAQLP

exports[`@/components/statements/as-div.vue Render a statement 1`] = `
<div
  itemid="/+16282281824/statements/1559097345025"
  itemscope="itemscope"
>
  <p
    itemprop="statement"
  >
    
    9 The way that avatars get processed has been updated. They are brighter, have more contrast, and detail
  
  </p>
   
  <!---->
   
  <!---->
</div>
`;
