// Jest Snapshot v1, https://goo.gl/fbAQLP

exports[`@/components/statements/as-statement.vue Render a statement 1`] = `
<div
  itemscope="itemscope"
>
  <p
    itemprop="statement"
  >
    9 The way that avatars get processed has been updated. They are brighter, have more contrast, and detail
  </p>
   
  <!---->
   
  <!---->
</div>
`;
