// Jest Snapshot v1, https://goo.gl/fbAQLP

exports[`@/components/posters/as-author-menu.vue Renders a menu to edit a poster 1`] = `
<menu>
  <event-as-button-stub
    itemid="/+16282281824/posters/559666932867"
  />
  <router-link-stub
    ariacurrentvalue="page"
    class="gear"
    custom="false"
    replace="false"
    to="/posters/559666932867/editor"
  />
  <a
    class="remove"
  >
    <icon-stub
      name="remove"
    />
  </a>
  <as-download-stub
    itemid="/+16282281824/posters/559666932867"
  />
</menu>
`;
