// Jest Snapshot v1, https://goo.gl/fbAQLP

exports[`@/compontent/posters/as-menu.vue Renders a poster menu 1`] = `
<menu>
  <a>
    <icon-stub
      name="remove"
    />
  </a>
   
  <a
    id="create-event"
  >
    <svg
      class="has-event"
      viewBox="0 0 150 150"
    >
      <use
        href="#date-picker"
      />
       
      <text
        class="month"
        text-anchor="middle"
        x="57"
        y="24"
      >
        February
      </text>
       
      <text
        text-anchor="middle"
        x="57"
        y="84"
      >
        1
      </text>
    </svg>
  </a>
   
  <!---->
   
  <download-vector-stub
    itemid="/+16282281824/posters/559666932867"
  />
</menu>
`;
