// Jest Snapshot v1, https://goo.gl/fbAQLP

exports[`@/components/posters/as-svg.vue Renders A poster 1`] = `
<svg
  itemid="/+16282281824/posters/559666932867"
  itemscope="itemscope"
  itemtype="/posters"
  preserveAspectRatio="xMidYMid slice"
  viewBox="0 0 16 16"
>
  <defs />
   
  <icon-stub
    name="background"
  />
   
</svg>
`;

exports[`@/components/posters/as-svg.vue Renders Can show a poster immediatly 1`] = `
<svg
  itemid="/+16282281824/posters/559666932867"
  itemscope="itemscope"
  itemtype="/posters"
  preserveAspectRatio="xMidYMid slice"
  viewBox="0 0 16 16"
>
  <defs />
   
  <icon-stub
    name="background"
  />
   
</svg>
`;
