// Jest Snapshot v1, https://goo.gl/fbAQLP

exports[`@/components/posts/as-article.vue Render a post as an article element 1`] = `
<article
  itemscope="itemscope"
  itemtype="/post"
>
  <time
    datetime="2019-05-11T22:40:04.580Z"
    itemprop="created_at"
  >
    3:40 PM
  </time>
   
  <p
    itemprop="statement"
  >
    I am saying it
  </p>
   
  <!---->
</article>
`;
