// Jest Snapshot v1, https://goo.gl/fbAQLP

exports[`@/components/posts/as-article.vue Render a post as an article element 1`] = `
<article
  itemid="/+14151234356/2019-05-11T22:40:04.580Z"
  itemscope="itemscope"
  itemtype="/post"
>
  <router-link
    to="/+14151234356"
  >
    <!---->
  </router-link>
   
  <hgroup>
    <span>
      Scott Fryxell
    </span>
     
    <time
      datetime="2019-05-11T22:40:04.580Z"
      itemprop="created_at"
    >
      3:40 PM
    </time>
  </hgroup>
    
  <blockquote
    itemprop="statement"
  >
    I am saying it
  </blockquote>
</article>
`;
