// Jest Snapshot v1, https://goo.gl/fbAQLP

exports[`@/components/as-days Renders a list of statements sorted into the days they were created 1`] = `
<section
  class="as-days"
>
  <article
    class="day"
  >
    <header>
      <h4>
        Monday, September 30, 2019
      </h4>
    </header>
     
  </article>
</section>
`;

exports[`@/components/as-days Renders though is provided nothing 1`] = `
<section
  class="as-days"
/>
`;
