// Jest Snapshot v1, https://goo.gl/fbAQLP

exports[`@/components/as-days Renders with nothing 1`] = `
<section
  class="as-days"
/>
`;

exports[`@/components/as-days Renders with posters and statements sorted into the days they were created 1`] = `
<section
  class="as-days"
>
  <article
    class="day"
  >
    <header>
      <h4>
        Monday, September 30, 2019
      </h4>
    </header>
     
  </article>
  <article
    class="day"
  >
    <header>
      <h4>
        Tuesday, September 24, 2019
      </h4>
    </header>
     
  </article>
  <article
    class="day"
  >
    <header>
      <h4>
        Sunday, September 22, 2019
      </h4>
    </header>
     
  </article>
  <article
    class="day"
  >
    <header>
      <h4>
        Saturday, September 26, 1987
      </h4>
    </header>
     
  </article>
</section>
`;
