// Jest Snapshot v1, https://goo.gl/fbAQLP

exports[`@/components/main-nav.vue handling post events posting:false should render the main navigation 1`] = `
<nav
  class=""
  id="main"
>
  <!---->
   
  <!---->
   
  <router-link
    class="blue"
    tabindex="-1"
    to="/relations"
  >
    Friends
  </router-link>
   
  <router-link
    class="blue"
    tabindex="-1"
    to="/feed"
  >
    Feed
  </router-link>
   
  <router-link
    class="green"
    tabindex="-1"
    to="/events"
  >
    Events
  </router-link>
   
  <router-link
    class="green"
    tabindex="-1"
    to="/where"
  >
    Where
  </router-link>
   
  <router-link
    class="black"
    tabindex="-1"
    to="/account"
  >
    You
  </router-link>
</nav>
`;

exports[`@/components/main-nav.vue handling post events posting:true should hide main navigation 1`] = `
<nav
  class=""
  id="main"
>
  <!---->
   
  <button
    tabindex="-1"
  >
    done
  </button>
   
  <!---->
   
  <!---->
   
  <!---->
   
  <!---->
   
  <!---->
</nav>
`;
