// Jest Snapshot v1, https://goo.gl/fbAQLP

exports[`@/components/sync Render Renders sync component 1`] = `
<div
  hidden="hidden"
>
  <!---->
   
  <as-days-stub
    avatars=""
    events=""
    itemid="/+16282281824/statements"
    itemscope=""
    posters=""
    statements=""
  />
   
  <!---->
   
  <!---->
</div>
`;
