// Jest Snapshot v1, https://goo.gl/fbAQLP

exports[`@/pages/phonebook render an empty phonebook 1`] = `
<section
  class="page"
  id="directory"
>
  <header>
    <a />
     
    <h1>
      Phonebook
    </h1>
     
    <router-link
      to="/relations"
    >
      <!---->
    </router-link>
  </header>
   
  <!---->
   
  <!---->
   
  <!---->
   
  <!---->
</section>
`;
