// Jest Snapshot v1, https://goo.gl/fbAQLP

exports[`@components/application renders layout for the application 1`] = `
<main
  id="social_network"
>
  <router-view />
   
  <!---->
</main>
`;

exports[`application.vue renders layout for the application 1`] = `
<main
  id="social_network"
>
  <router-view />
   
  <!---->
</main>
`;
