// Jest Snapshot v1, https://goo.gl/fbAQLP

exports[`@/components/main-nav.vue handling post events posting:false should render the main navigation 1`] = `
<nav
  class=""
  id="main_nav"
>
  <!---->
   
  <router-link
    class="blue"
    to="/relations"
  >
    Relations
  </router-link>
   
  <router-link
    class="blue"
    to="/feed"
  >
    Feed
  </router-link>
   
  <router-link
    class="green"
    to="/events"
  >
    Events
  </router-link>
   
  <router-link
    class="green"
    to="/where"
  >
    Where
  </router-link>
   
  <router-link
    class="black"
    to="/profile"
  >
    Profile
  </router-link>
</nav>
`;

exports[`@/components/main-nav.vue handling post events posting:true should hide main navigation 1`] = `
<nav
  class=""
  id="main_nav"
>
  <!---->
   
  <!---->
   
  <!---->
   
  <!---->
   
  <!---->
   
  <!---->
</nav>
`;
