// Jest Snapshot v1, https://goo.gl/fbAQLP

exports[`main-nav.vue nav#main_nav #show:false should Hide navigation 1`] = `
<nav
  class=""
  id="main_nav"
>
  <!---->
   
  <!---->
   
  <!---->
   
  <!---->
   
  <!---->
   
  <!---->
</nav>
`;

exports[`main-nav.vue nav#main_nav #show:true should render the application navigation 1`] = `
<nav
  class=""
  id="main_nav"
>
  <!---->
   
  <router-link
    class="green"
    to="/relationships"
  >
    Relations
  </router-link>
   
  <router-link
    class="green"
    to="/feed"
  >
    Feed
  </router-link>
   
  <router-link
    class="blue"
    to="/events"
  >
    Events
  </router-link>
   
  <router-link
    class="blue"
    to="/groups"
  >
    Groups
  </router-link>
   
  <router-link
    class="black"
    to="/profile"
  >
    Profile
  </router-link>
</nav>
`;
