// Jest Snapshot v1, https://goo.gl/fbAQLP

exports[`posts-list.vue should render an activity wrapper (ol#activity) 1`] = `
<div
  id="posts"
  itemprop="posts"
  itemscope="itemscope"
  itemtype="http://schema.org/blog"
/>
`;

exports[`posts-list.vue should render some posts 1`] = `
<div
  id="posts"
  itemprop="posts"
  itemscope="itemscope"
  itemtype="http://schema.org/blog"
>
  <article
    itemscope="itemscope"
    itemtype="http://schema.org/SocialMediaPosting"
  >
    <header>
      <time
        datetime="2017-12-20T23:01:14.310Z"
        itemprop="created_at"
      />
    </header>
     
    <blockquote
      itemprop="articleBody"
    >
      I like to move it
    </blockquote>
  </article>
</div>
`;
