// Jest Snapshot v1, https://goo.gl/fbAQLP

exports[`@/components/posts-list.vue should render (ol#activity) 1`] = `
<div
  id="posts"
  itemprop="posts"
  itemref="profile"
/>
`;

exports[`@/components/posts-list.vue should render some posts 1`] = `
<div
  id="posts"
  itemprop="posts"
  itemref="profile"
>
  <article
    itemscope="itemscope"
    itemtype="http://schema.org/SocialMediaPosting"
  >
    <blockquote
      itemprop="articleBody"
    >
      I like to move it
    </blockquote>
     
    <footer>
      <time
        datetime="2017-12-20T23:01:14.310Z"
        itemprop="created_at"
      >
        calculating...
      </time>
    </footer>
  </article>
</div>
`;
