// Jest Snapshot v1, https://goo.gl/fbAQLP

exports[`@/pages/avatar.vue displaying an avatar renders the silhouette by default 1`] = `
<section
  id="upload"
>
  <input
    accept="image/jpeg"
    capture=""
    type="file"
  />
   
  <!---->
   
  <footer>
    <menu>
      <button>
        <!---->
      </button>
       
      <a>
        <!---->
      </a>
       
      <a>
        <!---->
      </a>
    </menu>
  </footer>
</section>
`;
