// Jest Snapshot v1, https://goo.gl/fbAQLP

exports[`@/pages/events.vue renders event information 1`] = `
<section
  class="page"
  id="events"
>
  <header>
    <h1>
      Events
    </h1>
     
    <nav>
      <router-link
        to="/"
      >
        home
      </router-link>
    </nav>
  </header>
</section>
`;
