// Jest Snapshot v1, https://goo.gl/fbAQLP

exports[`@/pages/phonebook render a phonebook with people 1`] = `
<section
  class="page"
  id="directory"
>
  <header>
    <a />
     
    <h1>
      Phonebook
    </h1>
     
    <router-link
      to="/relations"
    >
      <svg
        class="finished"
      >
        <use
          xlink:href="#finished"
        />
      </svg>
    </router-link>
  </header>
   
  <svg
    class="working"
  >
    <use
      xlink:href="#working"
    />
  </svg>
   
  <nav
    class="profile-list"
    id="phonebook"
  >
    <li>
      <figure
        class="profile"
        itemid="/+16282281824"
        itemscope="itemscope"
        itemtype="/person"
      >
        <svg
          class="avatar"
        >
          <g
            itemprop="avatar"
          />
           
          <use
            xlink:href="#silhouette"
          />
        </svg>
         
        <!---->
         
        <figcaption>
          <p>
            <span
              itemprop="first_name"
            >
              Scott
            </span>
             
            <span
              itemprop="last_name"
            >
              Fryxell
            </span>
          </p>
           
          <a
            data-value="6282281824"
            href="sms:+16282281824"
            itemprop="mobile"
          >
            (628) 228-1824
          </a>
           
          <meta
            itemprop="created_at"
          />
           
          <meta
            itemprop="updated_at"
          />
        </figcaption>
      </figure>
       
      <menu>
        <a
          class=""
        >
          <svg
            class="add"
          >
            <use
              xlink:href="#add"
            />
          </svg>
           
          <svg
            class="remove"
          >
            <use
              xlink:href="#remove"
            />
          </svg>
        </a>
      </menu>
    </li>
    <li>
      <figure
        class="profile"
        itemid="/+12403800385‬"
        itemscope="itemscope"
        itemtype="/person"
      >
        <svg
          class="avatar"
        >
          <g
            itemprop="avatar"
          />
           
          <use
            xlink:href="#silhouette"
          />
        </svg>
         
        <!---->
         
        <figcaption>
          <p>
            <span
              itemprop="first_name"
            >
              Katie
            </span>
             
            <span
              itemprop="last_name"
            >
              Caffey
            </span>
          </p>
           
          <a
            data-value="2403800385‬"
            href="sms:+12403800385‬"
            itemprop="mobile"
          >
            (240) 380-0385
          </a>
           
          <meta
            itemprop="created_at"
          />
           
          <meta
            itemprop="updated_at"
          />
        </figcaption>
      </figure>
       
      <menu>
        <a
          class=""
        >
          <svg
            class="add"
          >
            <use
              xlink:href="#add"
            />
          </svg>
           
          <svg
            class="remove"
          >
            <use
              xlink:href="#remove"
            />
          </svg>
        </a>
      </menu>
    </li>
  </nav>
   
  <aside>
    <nav
      class="profile-list"
      itemprop="relations"
    />
  </aside>
</section>
`;

exports[`@/pages/phonebook render an empty phonebook 1`] = `
<section
  class="page"
  id="directory"
>
  <header>
    <a />
     
    <h1>
      Phonebook
    </h1>
     
    <router-link
      to="/relations"
    >
      <!---->
    </router-link>
  </header>
   
  <!---->
   
  <!---->
   
  <aside>
    <!---->
  </aside>
</section>
`;
