// Jest Snapshot v1, https://goo.gl/fbAQLP

exports[`@/pages/profile.vue shows the users profile information 1`] = `
<section
  class="page"
  id="profile"
>
  <header>
    <router-link
      to="/account"
    >
      <!---->
    </router-link>
     
    <!---->
  </header>
   
  <!---->
</section>
`;
