// Jest Snapshot v1, https://goo.gl/fbAQLP

exports[`@/pages/profile.vue shows the users profile information 1`] = `
<section
  id="profile"
>
  <header>
    <details>
      <summary>
        <!---->
      </summary>
       
      <!---->
    </details>
  </header>
   
  <h4>
    Posts
  </h4>
   
  <!---->
</section>
`;
