// Jest Snapshot v1, https://goo.gl/fbAQLP

exports[`@/pages/relations.vue render relationship information 1`] = `
<section
  class="page"
  id="relations"
>
  <header>
    <label
      for="search"
    >
      <input
        id="search"
        placeholder="Search"
        type="search"
      />
       
      <svg>
        <use
          xlink:href="#search"
        />
      </svg>
    </label>
     
    <h1>
      Relations
    </h1>
     
    <!---->
  </header>
   
  <nav
    itemprop="relations"
  >
    <li>
      <!---->
       
      <menu>
        <a>
          <svg>
            <use
              xlink:href="#hamburger"
            />
          </svg>
        </a>
      </menu>
    </li>
    <li>
      <!---->
       
      <menu>
        <a>
          <svg>
            <use
              xlink:href="#hamburger"
            />
          </svg>
        </a>
      </menu>
    </li>
    <li>
      <!---->
       
      <menu>
        <a>
          <svg>
            <use
              xlink:href="#hamburger"
            />
          </svg>
        </a>
      </menu>
    </li>
    <li>
      <!---->
       
      <menu>
        <a>
          <svg>
            <use
              xlink:href="#hamburger"
            />
          </svg>
        </a>
      </menu>
    </li>
    <li>
      <!---->
       
      <menu>
        <a>
          <svg>
            <use
              xlink:href="#hamburger"
            />
          </svg>
        </a>
      </menu>
    </li>
    <li>
      <!---->
       
      <menu>
        <a>
          <svg>
            <use
              xlink:href="#hamburger"
            />
          </svg>
        </a>
      </menu>
    </li>
    <li>
      <!---->
       
      <menu>
        <a>
          <svg>
            <use
              xlink:href="#hamburger"
            />
          </svg>
        </a>
      </menu>
    </li>
  </nav>
</section>
`;
