// Jest Snapshot v1, https://goo.gl/fbAQLP

exports[`@/pages/relations.vue render relationship information 1`] = `
<section
  class="page"
  id="relations"
>
  <header>
    <router-link
      to="/phonebook"
    >
      <!---->
    </router-link>
     
    <h1>
      Relations
    </h1>
     
    <!---->
  </header>
   
  <!---->
   
  <!---->
</section>
`;
