// Jest Snapshot v1, https://goo.gl/fbAQLP

exports[`@/compontent/profile/as-form.vue profile form should render profile form 1`] = `
<form
  id="profile-form"
>
  <fieldset
    id="name"
  >
    <input
      id="first-name"
      placeholder="First"
      required="required"
      type="text"
    />
     
    <input
      id="last-name"
      placeholder="Last"
      required="required"
      type="text"
    />
  </fieldset>
   
  <fieldset
    id="phone"
  >
    <label
      for="mobile"
    >
      1+
    </label>
     
    <input
      id="mobile"
      placeholder="(555) 555-5555"
      type="tel"
    />
     
    <!---->
     
    <!---->
  </fieldset>
   
  <!---->
   
  <menu>
    <button
      id="authorize"
    >
      Enter realness
    </button>
     
    <!---->
     
    <!---->
  </menu>
</form>
`;
