// Jest Snapshot v1, https://goo.gl/fbAQLP

exports[`as-form.vue should render form to set user profile info 1`] = `
<form
  id="profile-form"
>
  <fieldset
    id="name"
  >
    <input
      id="first-name"
      placeholder="First"
      type="text"
    />
     
    <input
      id="last-name"
      placeholder="Last"
      type="text"
    />
  </fieldset>
   
  <fieldset>
    <label
      for="profile-name"
    >
      /
    </label>
     
    <input
      id="profile-name"
      placeholder="profile-name"
      type="text"
    />
  </fieldset>
   
  <fieldset>
    <label
      for="mobile"
    >
      1+
    </label>
     
    <input
      id="mobile"
      placeholder="(555) 555-5555"
      type="tel"
    />
  </fieldset>
</form>
`;
