// Jest Snapshot v1, https://goo.gl/fbAQLP

exports[`as-figure.vue should render user profile info 1`] = `
<figure
  id="profile"
  itemscope="itemscope"
  itemtype="/person"
>
  <svg
    itemprop="profile_vector"
    src="/people/scott-fryxell/profile.svg"
  >
    <use
      xlink:href="/static/icons.svg#silhouette"
    />
  </svg>
   
  <figcaption>
    <p>
      <span
        itemprop="first_name"
      >
        scott
      </span>
       
      <span
        itemprop="last_name"
      >
        fryxell
      </span>
    </p>
     
    <a
      data-value="6282281824"
      href="sms:+16282281824"
      itemprop="mobile"
    >
      (628) 228-1824
    </a>
  </figcaption>
</figure>
`;
