// Jest Snapshot v1, https://goo.gl/fbAQLP

exports[`as-figure.vue should render user profile info 1`] = `
<figure
  id="profile"
  itemscope="itemscope"
  itemtype="/person"
>
  <img
    itemprop="profile_vector"
    src="/people/scott-fryxell/profile.svg"
  />
   
  <figcaption>
    <p>
      <span
        itemprop="first_name"
      >
        scott
      </span>
       
      <span
        itemprop="last_name"
      >
        fryxell
      </span>
    </p>
     
    <a
      href="1+4151234567"
      itemprop="profile_name"
    >
      4151234567
    </a>
  </figcaption>
</figure>
`;
