// Jest Snapshot v1, https://goo.gl/fbAQLP

exports[`@/compontent/events/as-fieldset.vue Renders a fieldset 1`] = `
<fieldset
  class="event show"
>
  <ol
    hidden="hidden"
    itemprop="events"
  >
    <li
      itemid="1580544000000"
      itemscope="itemscope"
      itemtype="/events"
    >
      <link
        href="/+16282281824/posters/559666932867"
        itemprop="url"
        rel="icon"
      />
    </li>
  </ol>
   
  <label
    for="day"
  >
    Thursday, April 9
  </label>
   
  <input
    id="day"
    required="required"
    type="date"
  />
   
  <input
    required="required"
    type="time"
  />
   
  <menu>
    <a>
      <!---->
    </a>
     
    <a>
      <!---->
    </a>
  </menu>
</fieldset>
`;
