// Jest Snapshot v1, https://goo.gl/fbAQLP

exports[`@/compontent/events/as-fieldset.vue Renders a fieldset 1`] = `
<fieldset
  class="event show"
>
  <ol
    hidden="hidden"
    itemprop="events"
  />
   
  <label
    for="day"
  >
    Thursday, April 9
  </label>
   
  <input
    id="day"
    required="required"
    type="date"
  />
   
  <input
    required="required"
    type="time"
  />
   
  <menu>
    <a>
      <!---->
    </a>
     
    <a>
      <!---->
    </a>
  </menu>
</fieldset>
`;
