// Jest Snapshot v1, https://goo.gl/fbAQLP

exports[`@/compontent/events/as-fieldset.vue Renders A fieldset with an existing event 1`] = `
<fieldset
  class="event"
>
  <events-list-stub
    events=""
    itemid="/+16282281824/posters/559666932867"
  />
   
  <label
    for="day"
  >
    Tuesday, December 31
  </label>
   
  <input
    id="day"
    required="required"
    type="date"
  />
   
  <input
    required="required"
    type="time"
  />
   
  <menu>
    <a>
      <icon-stub
        name="remove"
      />
    </a>
     
    <a>
      <icon-stub
        name="add"
      />
    </a>
  </menu>
</fieldset>
`;

exports[`@/compontent/events/as-fieldset.vue Renders A fieldset with the default event 1`] = `
<fieldset
  class="event"
>
  <events-list-stub
    events=""
    itemid="/+16282281824/posters/559666932867"
  />
   
  <label
    for="day"
  >
    Tuesday, December 31
  </label>
   
  <input
    id="day"
    required="required"
    type="date"
  />
   
  <input
    required="required"
    type="time"
  />
   
  <menu>
    <a>
      <icon-stub
        name="remove"
      />
    </a>
     
    <a>
      <icon-stub
        name="add"
      />
    </a>
  </menu>
</fieldset>
`;
