// Vitest Snapshot v1

exports[`@/views/Account.vue Renders Account information 1`] = `
<section
  class="signed-in page"
  id="account"
>
  <header>
    <!--v-if-->
    <logo-as-link-stub />
  </header>
  <address>
    <profile-as-figure-stub
      editable="true"
      person="[object Object]"
      relations=""
    />
    <!--v-if-->
  </address>
  <h1>
    Statements
  </h1>
  <as-days-stub
    avatars=""
    events=""
    itemid="/+16282281824/statements"
    itemscope=""
    paginate="false"
    posters=""
    statements=""
    working="false"
  />
  <footer
    class="message"
  >
    <p>
       Say some stuff via the 
      <button />
       button on the homepage 
      <br />
    </p>
  </footer>
</section>
`;
