// Vitest Snapshot v1

exports[`@/views/Editor.vue > Renders > Shows an editor for a poster or an avatar 1`] = `
<section
  class="page"
  id="editor"
>
  <header>
    <h1>
      Fill
    </h1>
    <a
      class="fullscreen"
    >
      <icon-stub
        name="fullscreen"
      />
    </a>
    <a>
      <icon-stub
        name="remove"
      />
    </a>
    <a>
      <icon-stub
        name="finished"
      />
    </a>
  </header>
  <as-fill-stub
    itemid="/+16282281824/posters/559666932867"
  />
  <!--v-if-->
  <!--v-if-->
  <footer>
    <!--v-if-->
  </footer>
</section>
`;
