// Vitest Snapshot v1, https://vitest.dev/guide/snapshot.html

exports[`@/views/Events > Rendering > renders events component 1`] = `
<section
  class="page"
  id="events"
>
  <header>
    <logo-as-link-stub />
    <icon-stub
      name="nothing"
    />
  </header>
  <h1>
    Events
  </h1>
  <icon-stub
    name="working"
  />
  <as-days-stub
    events=""
    id="tonight"
    paginate="false"
    posters=""
    statements=""
    working="false"
  />
  <footer>
    <p
      class="message"
    >
       You create events from 
      <router-link-stub
        to="/posters"
      />
    </p>
  </footer>
</section>
`;
