// Vitest Snapshot v1

exports[`@/views/Feed.vue > Renders > A feed of statements and posters 1`] = `
<section
  class="page"
  id="feed"
>
  <header>
    <router-link-stub
      id="logo"
      tabindex="-1"
      to="/"
    />
    <h1>
      Feed
    </h1>
    <a
      tabindex="-1"
    >
      <svg
        class="fullscreen icon"
      >
        <use
          href="/src/style/icons.svg#fullscreen"
        />
      </svg>
    </a>
  </header>
  <section
    class="as-days"
  >
    <header>
      <svg
        class="working icon"
      >
        <use
          href="/src/style/icons.svg#working"
        />
      </svg>
    </header>
  </section>
</section>
`;

exports[`@/views/Feed.vue > Renders > A fiendly explanatory message if new person 1`] = `
<section
  class="page"
  id="feed"
>
  <header>
    <router-link-stub
      id="logo"
      tabindex="-1"
      to="/"
    />
    <h1>
      Feed
    </h1>
    <a
      tabindex="-1"
    >
      <svg
        class="fullscreen icon"
      >
        <use
          href="/src/style/icons.svg#fullscreen"
        />
      </svg>
    </a>
  </header>
  <section
    class="as-days"
  >
    <header>
      <svg
        class="working icon"
      >
        <use
          href="/src/style/icons.svg#working"
        />
      </svg>
    </header>
  </section>
</section>
`;

exports[`@/views/Feed.vue > Renders > handles a removed relation 1`] = `
<section
  class="page"
  id="feed"
>
  <header>
    <router-link-stub
      id="logo"
      tabindex="-1"
      to="/"
    />
    <h1>
      Feed
    </h1>
    <a
      tabindex="-1"
    >
      <svg
        class="fullscreen icon"
      >
        <use
          href="/src/style/icons.svg#fullscreen"
        />
      </svg>
    </a>
  </header>
  <section
    class="as-days"
  >
    <header>
      <svg
        class="working icon"
      >
        <use
          href="/src/style/icons.svg#working"
        />
      </svg>
    </header>
  </section>
</section>
`;
