// Vitest Snapshot v1, https://vitest.dev/guide/snapshot.html

exports[`@/views/Navigation > Renders > renders navigation component 1`] = `
<section
  class="page"
  id="navigation"
>
  <nav>
    <router-link-stub
      class="black"
      tabindex="-1"
      to="/statements"
    />
    <router-link-stub
      class="green"
      tabindex="-1"
      to="/events"
    />
    <router-link-stub
      class="green"
      tabindex="-1"
      to="/posters"
    />
    <router-link-stub
      class="blue"
      tabindex="-1"
      to="/phonebook"
    />
    <router-link-stub
      class="blue"
      tabindex="-1"
      to="/thoughts"
    />
    <as-textarea-stub
      class="red"
    />
  </nav>
  <footer>
    <a
      id="camera"
      tabindex="3"
    >
      <icon-stub
        name="camera"
      />
    </a>
    <router-link-stub
      tabindex="-1"
      to="/about"
    />
  </footer>
</section>
`;
