// Vitest Snapshot v1

exports[`@/views/Navigation.vue > Renders > handling statement events > posting:true should hide main navigation 1`] = `
<section
  class="page posting"
  id="navigation"
>
  <nav>
    <!--v-if-->
    <!--v-if-->
    <!--v-if-->
    <!--v-if-->
    <!--v-if-->
    <button
      tabindex="-1"
    >
      Done
    </button>
    <statement-as-textarea-stub
      class="red"
    />
  </nav>
  <footer>
    <h6>
      1.0.0
    </h6>
    <a
      href="https://github.com/realness-online/web"
      rel="external"
    >
      ?
    </a>
  </footer>
</section>
`;
