// Vitest Snapshot v1

exports[`@/views/PhoneBook > Renders > Displays the PhoneBook when signed in 1`] = `
<section
  class="page"
  id="directory"
>
  <header>
    <router-link-stub
      to="/relations"
    />
    <h1>
      Recent
    </h1>
    <router-link-stub
      id="logo"
      tabindex="-1"
      to="/"
    />
  </header>
  <!--v-if-->
  <nav
    class="profile-list"
  >
    
    <figure
      class="profile"
    >
      <!--v-if-->
      <figcaption>
        <address
          itemid="/+14151234356"
          itemscope=""
          itemtype="/people"
        >
          <h3
            itemprop="first_name"
          >
            Scott
          </h3>
          <h3
            itemprop="last_name"
          >
            Fryxell
          </h3>
          
          
          <link
            itemprop="avatar"
            rel="icon"
          />
          <!--v-if-->
          <meta
            content="2022-03-24T16:12:54.471Z"
            itemprop="visited"
          />
        </address>
        <menu>
          
          <aside
            itemid="undefined/relations"
            itemscope=""
          >
            
            
          </aside>
          <a
            class="status"
          >
            <svg
              class="add icon"
            >
              <use
                href="/src/style/icons.svg#add"
              />
            </svg>
            <svg
              class="finished icon"
            >
              <use
                href="/src/style/icons.svg#finished"
              />
            </svg>
          </a>
          <a
            class="phone"
          >
            <svg
              class="message icon"
            >
              <use
                href="/src/style/icons.svg#message"
              />
            </svg>
          </a>
          
        </menu>
      </figcaption>
    </figure>
    
  </nav>
  <!--v-if-->
</section>
`;
