// Vitest Snapshot v1, https://vitest.dev/guide/snapshot.html

exports[`@/views/PhoneBook > Renders > renders phone book view 1`] = `
<section
  class="page"
  id="directory"
>
  <as-dialog-account-stub />
  <header>
    <logo-as-link-stub />
    <router-link-stub
      to="/relations"
    />
  </header>
  <h1>
    Phonebook
  </h1>
  <icon-stub
    name="working"
  />
  <nav
    class="profile-list"
  >
    
    <figure
      class="profile-stub"
    />
    
  </nav>
  <!--v-if-->
</section>
`;
