// Vitest Snapshot v1

exports[`@/views/Posters.vue > Renders > UI for posters 1`] = `
<section
  class="page"
  id="posters"
>
  <header>
    <a
      tabindex="-1"
    >
      <svg
        class="add icon"
      >
        <use
          href="/src/style/icons.svg#add"
        />
      </svg>
    </a>
    <h1>
      Posters
    </h1>
    <a
      id="camera"
    >
      <svg
        class="camera icon"
      >
        <use
          href="/src/style/icons.svg#camera"
        />
      </svg>
    </a>
    <input
      accept="image/jpeg,image/png"
      type="file"
    />
    <router-link-stub
      id="logo"
      tabindex="-1"
      to="/"
    />
  </header>
  <article>
    
    <figure
      class="poster"
    >
      <svg
        class="working icon"
        tabindex="0"
      >
        <use
          href="/src/style/icons.svg#working"
        />
      </svg>
      <figcaption>
        <!--v-if-->
      </figcaption>
    </figure>
    <figure
      class="poster"
    >
      <svg
        class="working icon"
        tabindex="0"
      >
        <use
          href="/src/style/icons.svg#working"
        />
      </svg>
      <figcaption>
        <!--v-if-->
      </figcaption>
    </figure>
    
  </article>
</section>
`;
