// Vitest Snapshot v1, https://vitest.dev/guide/snapshot.html

exports[`@/views/Posters > Rendering > renders posters view 1`] = `
<section
  class="page"
  id="posters"
>
  <header>
    <a
      tabindex="-1"
    >
      <anonymous-stub
        name="add"
      />
    </a>
    <a
      tabindex="-1"
    >
      <anonymous-stub
        name="picker"
      />
    </a>
    <input
      accept="image/jpeg,image/png"
      type="file"
    />
    <anonymous-stub
      tabindex="-1"
    />
  </header>
  <h1>
    Posters
  </h1>
  <article>
    
    
  </article>
  <!--v-if-->
</section>
`;
