// Vitest Snapshot v1, https://vitest.dev/guide/snapshot.html

exports[`Profile > renders profile view 1`] = `
<section
  class="page"
  id="profile"
>
  <header>
    <logo-as-link-stub />
    <icon-stub
      name="nothing"
    />
  </header>
  <div>
    <!--v-if-->
    <!--v-if-->
    <!--v-if-->
  </div>
  <as-figure-stub
    display="phonebook"
    editable="false"
    person="[object Object]"
  />
  <as-days-stub
    events=""
    paginate="true"
    posters="[object Object]"
    statements="[object Object]"
    storytelling="false"
    working="false"
  />
</section>
`;
