// Vitest Snapshot v1

exports[`@/views/Profile.vue > Renders > profile information for a phone number 1`] = `
<section
  class="page"
  id="profile"
>
  <header>
    <realness-icon-stub
      name="nothing"
    />
    <logo-as-link-stub />
  </header>
  <div>
    <as-avatar-stub
      as_stroke="false"
      immediate="false"
      slice="true"
      tabable="false"
      toggle_aspect="true"
    />
    <menu>
      <as-download-stub />
      <as-messenger-stub
        itemid="/+16282281824"
      />
    </menu>
  </div>
  <as-figure-stub
    editable="false"
    person="[object Object]"
    relations=""
  />
  <as-days-stub
    avatars=""
    events=""
    paginate="true"
    posters=""
    statements=""
    working="false"
  />
</section>
`;

exports[`@/views/Profile.vue > Renders > there not being posters 1`] = `
<section
  class="page"
  id="profile"
>
  <header>
    <realness-icon-stub
      name="nothing"
    />
    <logo-as-link-stub />
  </header>
  <div>
    <as-avatar-stub
      as_stroke="false"
      immediate="false"
      slice="true"
      tabable="false"
      toggle_aspect="true"
    />
    <menu>
      <as-download-stub />
      <as-messenger-stub
        itemid="/+16282281824"
      />
    </menu>
  </div>
  <as-figure-stub
    editable="false"
    person="[object Object]"
    relations=""
  />
  <as-days-stub
    avatars=""
    events=""
    paginate="true"
    posters=""
    statements=""
    working="false"
  />
</section>
`;
