// Vitest Snapshot v1, https://vitest.dev/guide/snapshot.html

exports[`Relations > renders relations view 1`] = `
<section
  class="page"
  id="relations"
>
  <header>
    <icon-stub
      name="nothin"
    />
    <router-link-stub
      to="/phonebook"
    />
  </header>
  <h1>
    Relations
  </h1>
  <nav
    class="profile-list"
  >
    
    <div
      class="profile-stub"
    />
    
  </nav>
</section>
`;
