// Vitest Snapshot v1, https://vitest.dev/guide/snapshot.html

exports[`Statements > Rendering > renders statements view 1`] = `
<section
  class="signed-in page"
  id="statements"
>
  <header>
    <icon-stub
      name="nothin"
    />
    <logo-as-link-stub />
  </header>
  <article
    class="editable statements"
  >
    <header>
      <h1>
        Statements
      </h1>
    </header>
    <section
      class="as-days-stub"
      itemscope=""
    >
      
      
      <as-article-stub
        editable="true"
        statements="[object Object]"
        verbose="false"
      />
      
      
    </section>
  </article>
  <!--v-if-->
  <!--v-if-->
</section>
`;
