// Vitest Snapshot v1, https://vitest.dev/guide/snapshot.html

exports[`Thoughts > Rendering > renders thoughts view 1`] = `
<div
  data-v-app=""
>
  
  <!--v-if-->
  <section
    class="page menu"
    id="thoughts"
  >
    <header>
      <as-dialog-account-stub />
      <router-link-stub
        id="about"
        tabindex="-1"
        to="/about"
      />
    </header>
    <h1>
      Thoughts
    </h1>
    <as-textarea-stub />
    <!--v-if-->
    <section
      class="as-days-stub"
      itemscope=""
      storytelling="false"
    >
      
      
    </section>
  </section>
  
</div>
`;
