// Vitest Snapshot v1, https://vitest.dev/guide/snapshot.html

exports[`Thoughts > Rendering > renders thoughts view 1`] = `
<section
  class="page"
  id="thoughts"
>
  <header>
    <icon-stub
      name="nothin"
    />
    <logo-as-link-stub />
  </header>
  <article
    class="editable thoughts"
  >
    <header>
      <h1>
        Thoughts
      </h1>
    </header>
    <section
      class="as-days-stub"
      itemscope=""
    >
      
      
    </section>
  </article>
  <!--v-if-->
  <!--v-if-->
</section>
`;
