// Vitest Snapshot v1, https://vitest.dev/guide/snapshot.html

exports[`Thoughts > Rendering > renders thoughts view 1`] = `
<div
  data-v-app=""
>
  
  <!--v-if-->
  <section
    class="page menu"
    id="thoughts"
  >
    <header>
      <a
        aria-label="Add poster"
        tabindex="-1"
      >
        <icon-stub
          name="add"
        />
      </a>
      <router-link-stub
        id="about"
        tabindex="-1"
        to="/about"
      />
    </header>
    <h1>
      Thoughts
    </h1>
    <!--v-if-->
    <section
      class="as-days-stub"
      itemid="/+14151234356/thoughts"
      itemscope=""
      storytelling="false"
    >
      
      
    </section>
    <!--v-if-->
  </section>
  
</div>
`;
