// Vitest Snapshot v1

exports[`@/components/as-days > Renders > With nothing 1`] = `
<section
  class="as-days"
>
  
  
</section>
`;

exports[`@/components/as-days > Renders > With posters and statements sorted into the days they were created 1`] = `
<section
  class="as-days"
>
  
  <article
    class="day"
  >
    <header>
      <h4>
        Monday, September 30, 2019
      </h4>
    </header>
    
    
    
    
  </article>
  <article
    class="day"
  >
    <header>
      <h4>
        Tuesday, September 24, 2019
      </h4>
    </header>
    
    
    
    
  </article>
  <article
    class="day"
  >
    <header>
      <h4>
        Sunday, September 22, 2019
      </h4>
    </header>
    
    
    
    
  </article>
  <article
    class="day"
  >
    <header>
      <h4>
        Saturday, September 26, 1987
      </h4>
    </header>
    
    
    
    
  </article>
  
</section>
`;
