// Vitest Snapshot v1, https://vitest.dev/guide/snapshot.html

exports[`@/components/sync > Render > Renders sync component 1`] = `
<aside
  hidden=""
>
  <!--v-if-->
  <as-meta-stub
    people=""
  />
  <as-days-stub
    events=""
    itemid="/+16282281824/statements"
    itemscope=""
    paginate="false"
    posters=""
    statements=""
    working="false"
  />
  <!--v-if-->
  <!--v-if-->
</aside>
`;
