// Jest Snapshot v1, https://goo.gl/fbAQLP

exports[`@/compontent/profile/as-address.vue Renders A person as an address element 1`] = `
<address
  itemid="/+14151234356"
  itemscope=""
  itemtype="/people"
>
  <h3
    itemprop="first_name"
  >
    Scott
  </h3>
  <h3
    itemprop="last_name"
  >
    Fryxell
  </h3>
  
  
  <link
    href="avatars/5553338945763"
    itemprop="avatar"
    rel="icon"
  />
  <meta
    content="4151234356"
    itemprop="mobile"
  />
  <!--v-if-->
</address>
`;
