// Jest Snapshot v1, https://goo.gl/fbAQLP

exports[`@/compontent/profile/as-figure.vue Renders Render a person's profile info 1`] = `
<figure
  class="profile"
>
  <as-svg-stub
    as_stroke="false"
    immediate="false"
    slice="true"
    tabable="false"
    toggle_aspect="true"
  />
  <figcaption>
    <as-address-stub
      editable="false"
      person="[object Object]"
    />
    <menu>
      
      <profile-as-meta-stub
        people="[object Object],[object Object],[object Object]"
      />
      <as-relationship-options-stub
        person="[object Object]"
        relations="[object Object],[object Object],[object Object]"
      />
      <as-messenger-stub
        itemid="/+16282281823"
      />
      
    </menu>
  </figcaption>
</figure>
`;
