// Jest Snapshot v1, https://goo.gl/fbAQLP

exports[`@/compontent/profile/as-form-mobile.vue Renders Profile form 1`] = `
<form
  id="profile-mobile"
>
  <fieldset
    id="phone"
  >
    <legend
      class="valid"
    >
      (415) 123-4356
    </legend>
    <input
      id="mobile"
      placeholder="1 (555) 555-5555"
      type="tel"
    />
  </fieldset>
  <!--v-if-->
  <!--v-if-->
  <menu>
    <button
      id="authorize"
    >
       Sign on 
    </button>
    <!--v-if-->
  </menu>
</form>
`;
