// Jest Snapshot v1, https://goo.gl/fbAQLP

exports[`@/compontent/profile/as-hgroup.vue Renders a person as a hgroup element 1`] = `
<hgroup
  itemid="/+14151234356"
  itemscope="itemscope"
>
  <p
    itemprop="first_name"
  >
    Scott
  </p>
   
  <p
    itemprop="last_name"
  >
    Fryxell
  </p>
   
  <link
    href="avatars/5553338945763"
    itemprop="avatar"
    rel="icon"
  />
   
  <meta
    content="4151234356"
    itemprop="mobile"
  />
   
  <!---->
</hgroup>
`;
