// Jest Snapshot v1, https://goo.gl/fbAQLP

exports[`@/compontent/profile/as-search.vue Renders An input for search 1`] = `
<label
  for="search"
>
  <input
    autocomplete="off"
    id="search"
    placeholder="Search phonebook"
    type="search"
  />
  <icon-stub
    name="search"
  />
</label>
`;
