// Jest Snapshot v1, https://goo.gl/fbAQLP

exports[`@/compontent/profile/as-form-name.vue Renders Profile name form 1`] = `
<form
  id="profile-name"
>
  <fieldset
    id="name"
  >
    <legend
      class="valid"
    >
      Name
    </legend>
    <input
      id="first-name"
      placeholder="First"
      type="text"
    />
    <input
      id="last-name"
      placeholder="Last"
      type="text"
    />
  </fieldset>
  <menu>
    <button
      disabled=""
    >
       Yep, That's my name 
    </button>
  </menu>
</form>
`;
