// Jest Snapshot v1, https://goo.gl/fbAQLP

exports[`@/views/Account.vue renders event information 1`] = `
<section
  class="page left signed_in"
  id="account"
>
  <header>
    <a>
      <!---->
    </a>
     
    <!---->
     
    <a>
      <!---->
    </a>
  </header>
   
  <input
    accept="image/jpeg"
    capture=""
    type="file"
  />
   
  <button>
    Upload Poster
  </button>
   
  <!---->
</section>
`;
