// Jest Snapshot v1, https://goo.gl/fbAQLP

exports[`@/views/Account.vue Renders Account information 1`] = `
<section
  class="page signed-in"
  id="account"
>
  <header>
    <!---->
     
    <logo-as-link-stub />
  </header>
   
  <hgroup>
    <avatar-as-form-stub
      person="[object Object]"
    />
     
    <profile-as-figure-stub
      editable="true"
      person="[object Object]"
      relations=""
    >
      <a>
        <icon-stub
          name="gear"
        />
      </a>
    </profile-as-figure-stub>
     
    <!---->
  </hgroup>
   
  <h1>
    Statements
  </h1>
   
  <as-days-stub
    avatars=""
    events=""
    itemid="/+16282281824/statements"
    itemscope=""
    posters=""
    statements=""
  />
   
  <footer
    class="message"
  >
    <p>
      Say some stuff via the 
      <button />
       button on the homepage  
      <br />
    </p>
     
    <h6>
      <a>
        Watch
      </a>
       a video and learn some more
    </h6>
  </footer>
</section>
`;
