// Jest Snapshot v1, https://goo.gl/fbAQLP

exports[`@/views/Account.vue Renders account information 1`] = `
<section
  class="page"
  id="account"
>
  <header>
    <!---->
     
    <!---->
  </header>
   
  <!---->
   
  <!---->
   
  <!---->
   
  <div
    id="login"
  >
    <!---->
     
    <!---->
  </div>
   
  <!---->
   
  <input
    accept="image/jpeg"
    capture=""
    type="file"
  />
</section>
`;
