// Jest Snapshot v1, https://goo.gl/fbAQLP

exports[`@/views/Account.vue Renders account information 1`] = `
<section
  class="page signed-in"
  id="account"
>
  <header>
    <!---->
     
    <!---->
  </header>
   
  <!---->
   
  <div
    id="login"
  >
    <!---->
     
    <!---->
  </div>
   
  <div
    id="pages-of-statements"
  >
    <div
      itemprop="statements"
    />
  </div>
</section>
`;
