// Jest Snapshot v1, https://goo.gl/fbAQLP

exports[`@/views/Events.vue Renders List of upcoming events 1`] = `
<section
  class="page"
  id="events"
>
  <header>
    <logo-as-link-stub />
    <h1>
      Events
    </h1>
    <icon-stub
      name="nothing"
    />
  </header>
  <icon-stub
    name="working"
  />
  <p
    class="message"
  >
    <span>
      Zero
    </span>
     public events. You create events from 
    <router-link-stub
      ariacurrentvalue="page"
      custom="false"
      replace="false"
      to="/posters"
    />
  </p>
</section>
`;
