// Jest Snapshot v1, https://goo.gl/fbAQLP

exports[`@/views/Events.vue Renders List of upcoming events 1`] = `
<section
  class="page"
  id="events"
>
  <header>
    <icon-stub
      name="nothing"
    />
     
    <logo-as-link-stub />
  </header>
   
  <hgroup>
    <h1>
      Events
    </h1>
     
    <icon-stub
      name="working"
    />
  </hgroup>
   
  <hgroup
    class="message"
  >
    <p>
      <span>
        Zero
      </span>
       public events. You create events from 
      <router-link-stub
        to="/posters"
      >
        Posters
      </router-link-stub>
      .
    </p>
     
    <p>
      People see them after you 
      <sign-on-stub />
    </p>
  </hgroup>
</section>
`;
