// Jest Snapshot v1, https://goo.gl/fbAQLP

exports[`@/views/Feed.vue Render a feed of a persons friends 1`] = `
<section
  class="page"
  id="feed"
>
  <header>
    <!---->
     
    <!---->
  </header>
   
  <hgroup>
    <h1>
      Feed
    </h1>
  </hgroup>
   
  <!---->
   
  <section
    class="day"
  >
    <header>
      <h4>
        Monday, June 24, 2019
      </h4>
    </header>
     
    <!---->
  </section>
  <section
    class="day"
  >
    <header>
      <h4>
        Saturday, June 22, 2019
      </h4>
    </header>
     
    <!---->
  </section>
  <section
    class="day"
  >
    <header>
      <h4>
        Monday, June 17, 2019
      </h4>
    </header>
     
    <!---->
  </section>
  <section
    class="day"
  >
    <header>
      <h4>
        Tuesday, May 28, 2019
      </h4>
    </header>
     
    <!---->
  </section>
  <section
    class="day"
  >
    <header>
      <h4>
        Thursday, May 23, 2019
      </h4>
    </header>
     
    <!---->
  </section>
  <section
    class="day"
  >
    <header>
      <h4>
        Tuesday, May 21, 2019
      </h4>
    </header>
     
    <!---->
  </section>
  <section
    class="day"
  >
    <header>
      <h4>
        Sunday, May 19, 2019
      </h4>
    </header>
     
    <!---->
  </section>
  <section
    class="day"
  >
    <header>
      <h4>
        Saturday, May 18, 2019
      </h4>
    </header>
     
    <!---->
    <!---->
  </section>
  <section
    class="day"
  >
    <header>
      <h4>
        Friday, May 17, 2019
      </h4>
    </header>
     
    <!---->
    <!---->
    <!---->
    <!---->
    <!---->
  </section>
  <section
    class="day"
  >
    <header>
      <h4>
        Saturday, May 11, 2019
      </h4>
    </header>
     
    <!---->
  </section>
  <section
    class="day"
  >
    <header>
      <h4>
        Thursday, August 9, 2018
      </h4>
    </header>
     
    <!---->
  </section>
  <section
    class="day"
  >
    <header>
      <h4>
        Wednesday, August 8, 2018
      </h4>
    </header>
     
    <!---->
  </section>
  <section
    class="day"
  >
    <header>
      <h4>
        Tuesday, August 7, 2018
      </h4>
    </header>
     
    <!---->
    <!---->
  </section>
  <section
    class="day"
  >
    <header>
      <h4>
        Sunday, August 5, 2018
      </h4>
    </header>
     
    <!---->
    <!---->
    <!---->
  </section>
  <section
    class="day"
  >
    <header>
      <h4>
        Friday, July 20, 2018
      </h4>
    </header>
     
    <!---->
    <!---->
  </section>
  <section
    class="day"
  >
    <header>
      <h4>
        Tuesday, July 17, 2018
      </h4>
    </header>
     
    <!---->
  </section>
  <section
    class="day"
  >
    <header>
      <h4>
        Wednesday, June 13, 2018
      </h4>
    </header>
     
    <!---->
  </section>
  <section
    class="day"
  >
    <header>
      <h4>
        Thursday, May 3, 2018
      </h4>
    </header>
     
    <!---->
  </section>
</section>
`;
