// Jest Snapshot v1, https://goo.gl/fbAQLP

exports[`@/views/Feed.vue Renders A feed of statements 1`] = `
<section
  class="page"
  id="feed"
>
  <header>
    <icon-stub
      name="nothing"
    />
     
    <logo-as-link-stub />
  </header>
   
  <hgroup>
    <h1>
      Feed
    </h1>
  </hgroup>
   
  <as-days-stub
    avatars=""
    events=""
    posters=""
    statements="[object Object],[object Object],[object Object],[object Object],[object Object],[object Object],[object Object],[object Object],[object Object],[object Object],[object Object],[object Object],[object Object],[object Object],[object Object],[object Object],[object Object],[object Object],[object Object],[object Object],[object Object],[object Object],[object Object],[object Object],[object Object],[object Object],[object Object],[object Object],[object Object],[object Object],[object Object],[object Object],[object Object],[object Object],[object Object],[object Object],[object Object],[object Object],[object Object],[object Object]"
  />
   
  <!---->
</section>
`;

exports[`@/views/Feed.vue Renders A feed of statements and posters 1`] = `
<section
  class="page"
  id="feed"
>
  <header>
    <icon-stub
      name="nothing"
    />
     
    <logo-as-link-stub />
  </header>
   
  <hgroup>
    <h1>
      Feed
    </h1>
  </hgroup>
   
  <as-days-stub
    avatars=""
    events=""
    posters=""
    statements="[object Object],[object Object],[object Object],[object Object],[object Object],[object Object],[object Object],[object Object],[object Object],[object Object],[object Object],[object Object],[object Object],[object Object],[object Object],[object Object],[object Object],[object Object],[object Object],[object Object],[object Object],[object Object],[object Object],[object Object],[object Object],[object Object],[object Object],[object Object],[object Object],[object Object],[object Object],[object Object],[object Object],[object Object],[object Object],[object Object],[object Object],[object Object],[object Object],[object Object]"
  />
   
  <!---->
</section>
`;

exports[`@/views/Feed.vue Renders A fresh Feed 1`] = `
<section
  class="page"
  id="feed"
>
  <header>
    <icon-stub
      name="nothing"
    />
     
    <logo-as-link-stub />
  </header>
   
  <hgroup>
    <h1>
      Feed
    </h1>
  </hgroup>
   
  <as-days-stub
    avatars=""
    events=""
    posters=""
    statements="[object Object],[object Object],[object Object],[object Object],[object Object],[object Object],[object Object],[object Object],[object Object],[object Object],[object Object],[object Object],[object Object],[object Object],[object Object],[object Object],[object Object],[object Object],[object Object],[object Object]"
  />
   
  <!---->
</section>
`;

exports[`@/views/Feed.vue Renders A nice message if the a new person 1`] = `
<section
  class="page"
  id="feed"
>
  <header>
    <icon-stub
      name="nothing"
    />
     
    <logo-as-link-stub />
  </header>
   
  <hgroup>
    <h1>
      Feed
    </h1>
  </hgroup>
   
  <as-days-stub
    avatars=""
    events=""
    posters=""
    statements=""
    working="true"
  />
   
  <!---->
</section>
`;
