// Jest Snapshot v1, https://goo.gl/fbAQLP

exports[`@/views/Index.vue Renders navigation for the application 1`] = `
<section
  class="page"
  id="home"
>
  <h6
    class="app_version"
  >
    0.4.1
  </h6>
   
  <!---->
   
  <aside>
    <!---->
     
    <div
      id="my-posts"
    />
  </aside>
</section>
`;
