// Jest Snapshot v1, https://goo.gl/fbAQLP

exports[`@/views/Navigation.vue Renders Displays statements and profile for a person 1`] = `
<section
  class="page"
  id="navigation"
>
  <nav>
    <a
      class="black"
      tabindex="-1"
    >
      
      Scott
    
    </a>
     
    <a
      class="green"
      tabindex="-1"
    >
      
      Events
    
    </a>
     
    <a
      class="green"
      tabindex="-1"
    >
      
      Posters
    
    </a>
     
    <a
      class="blue"
      tabindex="-1"
    >
      
      Feed
    
    </a>
     
    <a
      class="blue"
      tabindex="-1"
    >
      
      People
    
    </a>
     
    <!---->
     
    <statement-as-textarea-stub
      class="red"
    />
  </nav>
   
  <footer>
    <h6>
      1.0.0
    </h6>
     
    <a
      href="https://github.com/realness-online/web"
      rel="external"
    >
      ?
    </a>
  </footer>
</section>
`;

exports[`@/views/Navigation.vue Renders handling statement events posting:false should render the main navigation 1`] = `
<section
  class="page"
  id="navigation"
>
  <nav>
    <a
      class="black"
      tabindex="-1"
    >
      
      Scott
    
    </a>
     
    <a
      class="green"
      tabindex="-1"
    >
      
      Events
    
    </a>
     
    <a
      class="green"
      tabindex="-1"
    >
      
      Posters
    
    </a>
     
    <a
      class="blue"
      tabindex="-1"
    >
      
      Feed
    
    </a>
     
    <a
      class="blue"
      tabindex="-1"
    >
      
      People
    
    </a>
     
    <!---->
     
    <statement-as-textarea-stub
      class="red"
    />
  </nav>
   
  <footer>
    <h6>
      1.0.0
    </h6>
     
    <a
      href="https://github.com/realness-online/web"
      rel="external"
    >
      ?
    </a>
  </footer>
</section>
`;

exports[`@/views/Navigation.vue Renders handling statement events posting:true should hide main navigation 1`] = `
<section
  class="page"
  id="navigation"
>
  <nav>
    <a
      class="black"
      tabindex="-1"
    >
      
      Scott
    
    </a>
     
    <a
      class="green"
      tabindex="-1"
    >
      
      Events
    
    </a>
     
    <a
      class="green"
      tabindex="-1"
    >
      
      Posters
    
    </a>
     
    <a
      class="blue"
      tabindex="-1"
    >
      
      Feed
    
    </a>
     
    <a
      class="blue"
      tabindex="-1"
    >
      
      People
    
    </a>
     
    <!---->
     
    <statement-as-textarea-stub
      class="red"
    />
  </nav>
   
  <footer>
    <h6>
      1.0.0
    </h6>
     
    <a
      href="https://github.com/realness-online/web"
      rel="external"
    >
      ?
    </a>
  </footer>
</section>
`;
