// Jest Snapshot v1, https://goo.gl/fbAQLP

exports[`@/views/Navigation.vue Renders Displays statements and profile for a person 1`] = `
<section
  class="page"
  id="navigation"
>
  <nav>
    <router-link-stub
      class="black"
      tabindex="-1"
      to="/account"
    />
    <router-link-stub
      class="green"
      tabindex="-1"
      to="/events"
    />
    <router-link-stub
      class="green"
      tabindex="-1"
      to="/posters"
    />
    <router-link-stub
      class="blue"
      tabindex="-1"
      to="/feed"
    />
    <router-link-stub
      class="blue"
      tabindex="-1"
      to="/phone-book"
    />
    <!--v-if-->
    <statement-as-textarea-stub
      class="red"
    />
  </nav>
  <footer>
    <h6>
      1.0.0
    </h6>
    <a
      href="https://github.com/realness-online/web"
      rel="external"
    >
      ?
    </a>
  </footer>
</section>
`;

exports[`@/views/Navigation.vue Renders handling statement events posting:false should render the main navigation 1`] = `
<section
  class="page"
  id="navigation"
>
  <nav>
    <router-link-stub
      class="black"
      tabindex="-1"
      to="/account"
    />
    <router-link-stub
      class="green"
      tabindex="-1"
      to="/events"
    />
    <router-link-stub
      class="green"
      tabindex="-1"
      to="/posters"
    />
    <router-link-stub
      class="blue"
      tabindex="-1"
      to="/feed"
    />
    <router-link-stub
      class="blue"
      tabindex="-1"
      to="/phone-book"
    />
    <!--v-if-->
    <statement-as-textarea-stub
      class="red"
    />
  </nav>
  <footer>
    <h6>
      1.0.0
    </h6>
    <a
      href="https://github.com/realness-online/web"
      rel="external"
    >
      ?
    </a>
  </footer>
</section>
`;

exports[`@/views/Navigation.vue Renders handling statement events posting:true should hide main navigation 1`] = `
<section
  class="page"
  id="navigation"
>
  <nav>
    <router-link-stub
      class="black"
      tabindex="-1"
      to="/account"
    />
    <router-link-stub
      class="green"
      tabindex="-1"
      to="/events"
    />
    <router-link-stub
      class="green"
      tabindex="-1"
      to="/posters"
    />
    <router-link-stub
      class="blue"
      tabindex="-1"
      to="/feed"
    />
    <router-link-stub
      class="blue"
      tabindex="-1"
      to="/phone-book"
    />
    <!--v-if-->
    <statement-as-textarea-stub
      class="red"
    />
  </nav>
  <footer>
    <h6>
      1.0.0
    </h6>
    <a
      href="https://github.com/realness-online/web"
      rel="external"
    >
      ?
    </a>
  </footer>
</section>
`;
