// Jest Snapshot v1, https://goo.gl/fbAQLP

exports[`@/views/Opacity.vue Renders Shows an editor for a poster or an avatar 1`] = `
<section
  class="page"
  id="editor"
>
  <header>
    <h4>
      Opacity
    </h4>
     
    <a
      class="fullscreen"
    >
      <icon-stub
        name="fullscreen"
      />
    </a>
     
    <icon-stub
      name="nothing"
    />
     
    <a>
      <icon-stub
        name="remove"
      />
    </a>
     
    <a>
      <icon-stub
        name="finished"
      />
    </a>
  </header>
   
  <as-svg-stub
    immediate="true"
    itemid="undefined/posters/undefined"
    tabable="true"
    tabindex="-1"
  />
   
  <audio
    src="/notice.mp4"
  />
   
  <menu>
    <icon-stub
      name="grid"
    />
     
    <icon-stub
      class="selected"
      name="opacity"
    />
     
    <svg
      class="color"
      viewBox="0 0 120 120"
    >
      <lineargradient
        id="r"
      >
        <stop
          offset="0"
          stop-color="red"
        />
         
        <stop
          offset="0.2857"
          stop-color="#ff0"
        />
         
        <stop
          offset="0.4286"
          stop-color="#0f0"
        />
         
        <stop
          offset="0.5714"
          stop-color="cyan"
        />
         
        <stop
          offset="0.7142"
          stop-color="blue"
        />
         
        <stop
          offset="0.8571"
          stop-color="#f0f"
        />
         
        <stop
          offset="1"
          stop-color="red"
        />
      </lineargradient>
       
      <circle
        cx="60"
        cy="60"
        fill="url(#r)"
        fill-opacity="0.66"
        r="60"
      />
    </svg>
     
    <icon-stub
      name="animation"
    />
  </menu>
   
  <aside>
    <p>
      <kbd>
        ctrl+
      </kbd>
    </p>
  </aside>
</section>
`;
