// Jest Snapshot v1, https://goo.gl/fbAQLP

exports[`@/views/Phonebook Render the phonebook 1`] = `
<section
  class="page"
  id="directory"
>
  <header>
    <icon-stub
      name="nothing"
    />
     
    <router-link
      to="/relations"
    >
      <icon-stub
        name="finished"
      />
    </router-link>
  </header>
   
  <hgroup>
    <h1>
      Phonebook
    </h1>
     
    <icon-stub
      name="working"
    />
  </hgroup>
   
  <!---->
</section>
`;
