// Jest Snapshot v1, https://goo.gl/fbAQLP

exports[`@/views/Phonebook Render the phonebook 1`] = `
<section
  class="page"
  id="directory"
>
  <header>
    <icon-stub
      name="nothing"
    />
     
    <logo-as-link-stub />
  </header>
   
  <hgroup>
    <h1>
      Phonebook
    </h1>
     
    <!---->
  </hgroup>
   
  <hgroup
    class="sign-on message"
  >
    <p>
      <sign-on-stub />
       Check out who else is on here
    </p>
     
    <h6>
      <a>
        Watch
      </a>
       a video and learn some more
    </h6>
  </hgroup>
</section>
`;
