// Jest Snapshot v1, https://goo.gl/fbAQLP

exports[`@/views/Posters.vue Rendering Renders ui for posters 1`] = `
<section
  class="page"
  id="posters"
>
  <input
    accept="image/jpeg"
    type="file"
  />
   
  <header>
    <a>
      <!---->
    </a>
     
    <!---->
  </header>
   
  <hgroup>
    <!---->
  </hgroup>
   
  <article
    itemprop="posters"
  >
    <header>
      <h1>
        Posters
      </h1>
    </header>
     
    <!---->
  </article>
   
  <aside>
    <ol
      itemprop="events"
    >
      <li
        itemid="1580544000000"
        itemscope="itemscope"
        itemtype="/events"
      >
        <link
          itemprop="url"
          rel="icon"
        />
      </li>
    </ol>
  </aside>
</section>
`;
