// Jest Snapshot v1, https://goo.gl/fbAQLP

exports[`@/views/Posters.vue rendering: Renders UI for posters 1`] = `
<section
  class="page"
  id="posters"
>
  <header>
    <a>
      <icon-stub
        name="add"
      />
    </a>
     
    <input
      accept="image/jpeg"
      type="file"
    />
     
    <logo-as-link-stub />
  </header>
   
  <article>
    <header>
      <h1>
        Posters
      </h1>
       
      <hgroup>
        <icon-stub
          name="working"
          style="display: none;"
        />
      </hgroup>
    </header>
     
    <as-figure-stub
      class=""
      itemid="/+16282281824/posters/1555347888"
    >
      <menu>
        <a
          class="remove"
        >
          <icon-stub
            name="remove"
          />
        </a>
         
        <event-as-button-stub
          itemid="/+16282281824/posters/1555347888"
        />
         
        <as-download-stub
          itemid="/+16282281824/posters/1555347888"
        />
      </menu>
    </as-figure-stub>
  </article>
   
  <!---->
</section>
`;
