// Jest Snapshot v1, https://goo.gl/fbAQLP

exports[`@/views/Profile.vue Renders Handles there not being posters 1`] = `
<section
  class="page"
  id="profile"
>
  <header>
    <icon-stub
      name="nothing"
    />
    <logo-as-link-stub />
  </header>
  <div>
    <avatar-stub
      immediate="false"
      person="/+16282281824/avatars/1588451405024"
      slice="true"
      tabable="false"
    />
    <menu>
      <as-download-stub
        itemid="/+16282281824/avatars/1588451405024"
      />
      <as-messenger-stub
        itemid="/+16282281824"
      />
    </menu>
  </div>
  <as-figure-stub
    editable="false"
    person="[object Object]"
    relations=""
  />
  <as-days-stub
    avatars=""
    events=""
    paginate="true"
    posters=""
    statements=""
    working="false"
  />
</section>
`;

exports[`@/views/Profile.vue Renders Shows profile information for a phone number 1`] = `
<section
  class="page"
  id="profile"
>
  <header>
    <icon-stub
      name="nothing"
    />
    <logo-as-link-stub />
  </header>
  <div>
    <avatar-stub
      immediate="false"
      person="/+16282281824/avatars/1588451405024"
      slice="true"
      tabable="false"
    />
    <menu>
      <as-download-stub
        itemid="/+16282281824/avatars/1588451405024"
      />
      <as-messenger-stub
        itemid="/+16282281824"
      />
    </menu>
  </div>
  <as-figure-stub
    editable="false"
    person="[object Object]"
    relations=""
  />
  <as-days-stub
    avatars=""
    events=""
    paginate="true"
    posters=""
    statements=""
    working="false"
  />
</section>
`;
