// Jest Snapshot v1, https://goo.gl/fbAQLP

exports[`@/views/Relations.vue Render relationship information 1`] = `
<section
  class="page"
  id="relations"
>
  <header>
    <!---->
     
    <!---->
  </header>
   
  <hgroup>
    <h1>
      Relations
    </h1>
  </hgroup>
   
  <hgroup
    class="sign-on message"
  >
    <p>
      <!---->
       and you can check out 
      <!---->
       who's on here
    
    </p>
     
    <h6>
      <a>
        Watch
      </a>
       a video and learn some more
    </h6>
  </hgroup>
</section>
`;
