// Jest Snapshot v1, https://goo.gl/fbAQLP

exports[`@/views/Relations.vue Render relationship information 1`] = `
<section
  class="page"
  id="relations"
>
  <header>
    <router-link
      to="/phone-book"
    >
      <!---->
    </router-link>
     
    <!---->
  </header>
   
  <hgroup>
    <h1>
      Relations
    </h1>
  </hgroup>
   
  <!---->
</section>
`;
