// Jest Snapshot v1, https://goo.gl/fbAQLP

exports[`@/views/Relations.vue Renders Fails gracefully when relations has been deleted 1`] = `
<section
  class="page"
  id="relations"
>
  <header>
    <icon-stub
      name="nothing"
    />
     
    <router-link-stub
      to="/phone-book"
    >
      <icon-stub
        name="finished"
      />
    </router-link-stub>
  </header>
   
  <hgroup>
    <h1>
      Relations
    </h1>
  </hgroup>
   
  <!---->
</section>
`;

exports[`@/views/Relations.vue Renders Relationship information 1`] = `
<section
  class="page"
  id="relations"
>
  <header>
    <icon-stub
      name="nothing"
    />
     
    <router-link-stub
      to="/phone-book"
    >
      <icon-stub
        name="finished"
      />
    </router-link-stub>
  </header>
   
  <hgroup>
    <h1>
      Relations
    </h1>
  </hgroup>
   
  <!---->
</section>
`;
