// Jest Snapshot v1, https://goo.gl/fbAQLP

exports[`App.vue should accept input for posts 1`] = `
<main
  id="social_network"
>
  <header>
    <textarea
      placeholder="Wat?"
      tabindex="1"
    />
  </header>
   
  <details>
    <summary>
      Posts
    </summary>
     
    <!---->
  </details>
   
  <details>
    <summary>
      Activity
    </summary>
     
    <!---->
  </details>
</main>
`;
