// Jest Snapshot v1, https://goo.gl/fbAQLP

exports[`profile-activity.vue should accept input for posts 1`] = `
<main
  id="social_network"
>
  <header>
    <textarea
      placeholder="Wat?"
      tabindex="1"
    />
  </header>
   
  <details>
    <summary>
      Posts
    </summary>
     
    <section
      id="posts"
      itemprop="posts"
      itemscope="itemscope"
      itemtype="http://schema.org/blog"
    />
  </details>
   
  <details>
    <summary>
      Activity
    </summary>
     
    <ol
      id="activity"
      itemprop="activity"
    />
  </details>
</main>
`;
